[www.magnum4d.my/index.html]
[backblue.gif]
[fade.gif]
[index.html]
[www.magnum4d.my/index.html]
[www.magnum4d.my/assets/images/logo.html]
[www.magnum4d.my/assets/js/vendors/jquery-3.6.0.min.html]
[www.magnum4d.my/_content/Kentico.Content.Web.Rcl/Content/Bundles/Public/systemPageComponents.min.html]
[www.magnum4d.my/assets/styles/styles.html]
[www.magnum4d.my/assets/styles/swiper-bundle.min.html]
[www.magnum4d.my/assets/styles/aos.html]
[www.magnum4d.my/assets/styles/flatpickr.min.html]
[www.magnum4d.my/assets/styles/snackbar.min.html]
[www.magnum4d.my/assets/styles/tippy.html]
[www.magnum4d.my/assets/styles/livechat.html]
[www.magnum4d.my/assets/images/chevron-down.html]
[www.magnum4d.my/games/classic.html]
[www.magnum4d.my/games/jackpot.html]
[www.magnum4d.my/games/jackpot-gold.html]
[www.magnum4d.my/games/mgold.html]
[www.magnum4d.my/games/magnum-life.html]
[www.magnum4d.my/results/draw-results.html]
[www.magnum4d.my/results/winning-history.html]
[www.magnum4d.my/number-inspirations/number-inspirations.html]
[www.magnum4d.my/number-inspirations/forecast-chart.html]
[www.magnum4d.my/number-inspirations/winning-statistic.html]
[www.magnum4d.my/membership.html]
[www.magnum4d.my/our-responsibility/play-responsibly.html]
[www.magnum4d.my/our-responsibility/magnum-cares.html]
[www.magnum4d.my/happenings.html]
[www.magnum4d.my/location.html]
[www.magnum4d.my/assets/images/pin.html]
[www.magnum4d.my/assets/images/search.html]
[www.magnum4d.my/cn.html]
[www.magnum4d.my/assets/images/hamburger.html]
[www.magnum4d.my/assets/images/cross-bold.html]
[www.magnum4d.my/assets/images/globe.html]
[www.magnum4d.my/assets/images/search-thin.html]
[www.magnum4d.my/assets/images/4d-classic.html]
[www.magnum4d.my/assets/images/4d-jackpot.html]
[www.magnum4d.my/assets/images/mgold.html]
[www.magnum4d.my/assets/images/4d-jackpot-gold.html]
[www.magnum4d.my/assets/images/magnum-life.html]
[www.magnum4d.my/assets/images/outline-plus-orange.html]
[www.magnum4d.my/assets/images/cross.html]
[www.magnum4d.my/location0b9e.html]
[www.magnum4d.my/location0137.html]
[www.magnum4d.my/location3e12.html]
[www.magnum4d.my/location72c4.html]
[www.magnum4d.my/assets/images/help-circle.html]
[www.magnum4d.my/assets/images/spinner-graphic.html]
[www.magnum4d.my/my-magnum-4d-app.html]
[www.magnum4d.my/assets/images/cross-white.html]
[www.magnum4d.my/assets/images/arrow-right-orange.html]
[www.magnum4d.my/assets/js/flatpickr.min.html]
[www.magnum4d.my/golden-fortune-rush-2026.html]
[www.magnum4d.my/fortune-monday-campaign-2026-01.html]
[www.magnum4d.my/exciting-new-community-projects-on-projectmagnumhearts-2025-12.html]
[www.magnum4d.my/assets/images/nav-arrow-right.html]
[www.magnum4d.my/assets/images/outline-plus.html]
[www.magnum4d.my/assets/images/coin.html]
[www.magnum4d.my/assets/images/share/facebook.html]
[www.magnum4d.my/assets/images/share/whatsapp.html]
[www.magnum4d.my/assets/images/share/telegram.html]
[www.magnum4d.my/assets/images/share/more.html]
[www.magnum4d.my/assets/images/arrow-left.html]
[www.magnum4d.my/assets/images/share/copy-link.html]
[www.magnum4d.my/assets/images/share/email.html]
[www.magnum4d.my/assets/images/share/print.html]
[www.magnum4d.my/assets/images/share/blogger.html]
[www.magnum4d.my/assets/images/share/outlook.html]
[www.magnum4d.my/assets/images/share/linkedin.html]
[www.magnum4d.my/assets/images/share/pinterest.html]
[www.magnum4d.my/assets/images/share/gmail.html]
[www.magnum4d.my/assets/images/share/yahoo-mail.html]
[www.magnum4d.my/assets/images/share/twitter.html]
[www.magnum4d.my/assets/images/share/messenger.html]
[www.magnum4d.my/assets/images/share/reddit.html]
[www.magnum4d.my/assets/images/share/threads.html]
[www.magnum4d.my/assets/images/illust/wang-mao-draw.html]
[www.magnum4d.my/assets/images/illust/draw-machine.html]
[www.magnum4d.my/assets/images/illust/draw-result.html]
[www.magnum4d.my/assets/images/illust/wang-mao-press-button.html]
[www.magnum4d.my/assets/images/illust/wang-mao-office.html]
[www.magnum4d.my/assets/images/refresh.html]
[www.magnum4d.my/assets/images/copy.html]
[www.magnum4d.my/assets/images/our-games/our-games_classic.html]
[www.magnum4d.my/assets/images/our-games/our-games_jackpot.html]
[www.magnum4d.my/assets/images/our-games/our-games_mgold.html]
[www.magnum4d.my/assets/images/our-games/our-games_jackpot-gold.html]
[www.magnum4d.my/assets/images/our-games/our-games_magnum-life.html]
[www.magnum4d.my/assets/images/our-games/our-games_classic-mobile.html]
[www.magnum4d.my/assets/images/chevron-down-white.html]
[www.magnum4d.my/assets/images/our-games/our-games_mgold-mobile.html]
[www.magnum4d.my/assets/images/our-games/our-games_jackpot-gold-mobile.html]
[www.magnum4d.my/assets/images/our-games/our-games_magnum-life-mobile.html]
[www.magnum4d.my/assets/images/arrow-right.html]
[www.magnum4d.my/assets/images/cash.html]
[www.magnum4d.my/results/christmas-gift-from-magnum-santa.html]
[www.magnum4d.my/results/4-lucky-individuals-hit-a-combined-total-of-rm22-million-from-magnum-4d-jackpot-within-2-months!.html]
[www.magnum4d.my/results/selangor-couple-blind-box-surprise-unboxes-rm13_26-million-magnum-4d-jackpot-win.html]
[www.magnum4d.my/galloping-into-the-year-of-the-horse-with-42-years-of-giving!.html]
[www.magnum4d.my/horseh-liao-bring-home-a-golden-horse-this-cny.html]
[www.magnum4d.my/our-2025-impact-highlights-the-journey-we-took-together.html]
[www.magnum4d.my/assets/images/alert-circle.html]
[www.magnum4d.my/_content/Kentico.Content.Web.Rcl/Content/Bundles/Public/systemFormComponents.min.html]
[www.magnum4d.my/assets/images/phone.html]
[www.magnum4d.my/assets/images/email.html]
[www.magnum4d.my/assets/images/share/input-submit-arrow.html]
[www.magnum4d.my/wla.html]
[www.magnum4d.my/member-of-global-associations.html]
[www.magnum4d.my/privacy.html]
[www.magnum4d.my/disclaimer-and-terms-of-usage.html]
[www.magnum4d.my/assets/images/live-chat.html]
[www.magnum4d.my/assets/js/main.html]
[www.magnum4d.my/assets/js/swiper-bundle.min.html]
[www.magnum4d.my/assets/js/aos.html]
[www.magnum4d.my/assets/js/just-validate.es.html]
[www.magnum4d.my/assets/js/snackbar.min.html]
[www.magnum4d.my/assets/js/popper.min.html]
[www.magnum4d.my/assets/js/tippy.umd.min.html]
