[dpboss.boston/index.html]
[backblue.gif]
[fade.gif]
[index.html]
[dpboss.boston/newfev/apple-icon-57x57.png]
[dpboss.boston/newfev/apple-icon-60x60.png]
[dpboss.boston/newfev/apple-icon-72x72.png]
[dpboss.boston/newfev/apple-icon-76x76.png]
[dpboss.boston/newfev/apple-icon-114x114.png]
[dpboss.boston/newfev/apple-icon-120x120.png]
[dpboss.boston/jodi-chart-record/kalyan-morning.html]
[dpboss.boston/panel-chart-record/kalyan-morning.html]
[dpboss.boston/jodi-chart-record/milan-morning.html]
[dpboss.boston/panel-chart-record/milan-morning.html]
[dpboss.boston/jodi-chart-record/sridevi.html]
[dpboss.boston/panel-chart-record/sridevi.html]
[dpboss.boston/jodi-chart-record/main-bazar-morning.html]
[dpboss.boston/panel-chart-record/main-bazar-morning.html]
[dpboss.boston/jodi-chart-record/madhuri.html]
[dpboss.boston/panel-chart-record/madhuri.html]
[dpboss.boston/jodi-chart-record/padmavathi.html]
[dpboss.boston/panel-chart-record/padmavathi.html]
[dpboss.boston/jodi-chart-record/rajdhani-morning-main.html]
[dpboss.boston/panel-chart-record/rajdhani-morning-main.html]
[dpboss.boston/jodi-chart-record/sridevi-morning.html]
[dpboss.boston/panel-chart-record/sridevi-morning.html]
[dpboss.boston/jodi-chart-record/maharani.html]
[dpboss.boston/panel-chart-record/maharani.html]
[dpboss.boston/jodi-chart-record/karnataka-day.html]
[dpboss.boston/panel-chart-record/karnataka-day.html]
[dpboss.boston/jodi-chart-record/time-bazar-morning.html]
[dpboss.boston/panel-chart-record/time-bazar-morning.html]
[dpboss.boston/jodi-chart-record/main-sridevi-day.html]
[dpboss.boston/panel-chart-record/main-sridevi-day.html]
[dpboss.boston/jodi-chart-record/time-bazar.html]
[dpboss.boston/panel-chart-record/time-bazar.html]
[dpboss.boston/jodi-chart-record/tara-mumbai-day.html]
[dpboss.boston/panel-chart-record/tara-mumbai-day.html]
[dpboss.boston/jodi-chart-record/prabhat.html]
[dpboss.boston/panel-chart-record/prabhat.html]
[dpboss.boston/jodi-chart-record/diamond.html]
[dpboss.boston/panel-chart-record/diamond.html]
[dpboss.boston/jodi-chart-record/time-bazar-day.html]
[dpboss.boston/panel-chart-record/time-bazar-day.html]
[dpboss.boston/jodi-chart-record/milan-day.html]
[dpboss.boston/panel-chart-record/milan-day.html]
[dpboss.boston/jodi-chart-record/main-bazar-day.html]
[dpboss.boston/panel-chart-record/main-bazar-day.html]
[dpboss.boston/jodi-chart-record/puna-bazar.html]
[dpboss.boston/panel-chart-record/puna-bazar.html]
[dpboss.boston/jodi-chart-record/new-time-bazar.html]
[dpboss.boston/panel-chart-record/new-time-bazar.html]
[dpboss.boston/jodi-chart-record/kalyan.html]
[dpboss.boston/panel-chart-record/kalyan.html]
[dpboss.boston/jodi-chart-record/sridevi-night.html]
[dpboss.boston/panel-chart-record/sridevi-night.html]
[dpboss.boston/jodi-chart-record/diamond-night.html]
[dpboss.boston/panel-chart-record/diamond-night.html]
[dpboss.boston/jodi-chart-record/madhuri-night.html]
[dpboss.boston/panel-chart-record/madhuri-night.html]
[dpboss.boston/jodi-chart-record/night-time-bazar.html]
[dpboss.boston/panel-chart-record/night-time-bazar.html]
[dpboss.boston/jodi-chart-record/tara-mumbai-night.html]
[dpboss.boston/panel-chart-record/tara-mumbai-night.html]
[dpboss.boston/jodi-chart-record/milan-night.html]
[dpboss.boston/panel-chart-record/milan-night.html]
[dpboss.boston/jodi-chart-record/rajdhani-night.html]
[dpboss.boston/panel-chart-record/rajdhani-night.html]
[dpboss.boston/jodi-chart-record/main-bazar.html]
[dpboss.boston/panel-chart-record/main-bazar.html]
[dpboss.boston/jodi-chart-record/sridevi-day.html]
[dpboss.boston/panel-chart-record/sridevi-day.html]
[dpboss.boston/jodi-chart-record/main-sridevi.html]
[dpboss.boston/panel-chart-record/main-sridevi.html]
[dpboss.boston/jodi-chart-record/maharani-day.html]
[dpboss.boston/panel-chart-record/maharani-day.html]
[dpboss.boston/jodi-chart-record/parel-day.html]
[dpboss.boston/panel-chart-record/parel-day.html]
[dpboss.boston/jodi-chart-record/bombay-day.html]
[dpboss.boston/panel-chart-record/bombay-day.html]
[dpboss.boston/jodi-chart-record/sahara.html]
[dpboss.boston/panel-chart-record/sahara.html]
[dpboss.boston/jodi-chart-record/mumbai-morning.html]
[dpboss.boston/panel-chart-record/mumbai-morning.html]
[dpboss.boston/jodi-chart-record/kalyan-night.html]
[dpboss.boston/panel-chart-record/kalyan-night.html]
[dpboss.boston/jodi-chart-record/prabhat-night.html]
[dpboss.boston/panel-chart-record/prabhat-night.html]
[dpboss.boston/jodi-chart-record/worli-morning.html]
[dpboss.boston/panel-chart-record/worli-morning.html]
[dpboss.boston/jodi-chart-record/worli-night.html]
[dpboss.boston/panel-chart-record/worli-night.html]
[dpboss.boston/jodi-chart-record/super-morning.html]
[dpboss.boston/panel-chart-record/super-morning.html]
[dpboss.boston/jodi-chart-record/old-main-mumbai.html]
[dpboss.boston/panel-chart-record/old-main-mumbai.html]
[dpboss.boston/jodi-chart-record/madhur-morning.html]
[dpboss.boston/panel-chart-record/madhur-morning.html]
[dpboss.boston/jodi-chart-record/madhur-day.html]
[dpboss.boston/panel-chart-record/madhur-day.html]
[dpboss.boston/jodi-chart-record/madhur-night.html]
[dpboss.boston/panel-chart-record/madhur-night.html]
[dpboss.boston/jodi-chart-record/shri-day.html]
[dpboss.boston/panel-chart-record/shri-day.html]
[dpboss.boston/jodi-chart-record/shri-night.html]
[dpboss.boston/panel-chart-record/shri-night.html]
[dpboss.boston/jodi-chart-record/ratan-khatri.html]
[dpboss.boston/panel-chart-record/ratan-khatri.html]
[dpboss.boston/jodi-chart-record/maharani-night.html]
[dpboss.boston/panel-chart-record/maharani-night.html]
[dpboss.boston/jodi-chart-record/padmavathi-night.html]
[dpboss.boston/panel-chart-record/padmavathi-night.html]
[dpboss.boston/jodi-chart-record/jay-shree-day.html]
[dpboss.boston/panel-chart-record/jay-shree-day.html]
[dpboss.boston/jodi-chart-record/sri-dhanalaxmi.html]
[dpboss.boston/panel-chart-record/sri-dhanalaxmi.html]
[dpboss.boston/jodi-chart-record/bombay-night.html]
[dpboss.boston/panel-chart-record/bombay-night.html]
[dpboss.boston/jodi-chart-record/sunday-bazar.html]
[dpboss.boston/panel-chart-record/sunday-bazar.html]
[dpboss.boston/jodi-chart-record/kalyan-day.html]
[dpboss.boston/panel-chart-record/kalyan-day.html]
[dpboss.boston/jodi-chart-record/mumbai-bazar.html]
[dpboss.boston/panel-chart-record/mumbai-bazar.html]
[dpboss.boston/jodi-chart-record/kalyan-sridevi.html]
[dpboss.boston/panel-chart-record/kalyan-sridevi.html]
[dpboss.boston/jodi-chart-record/kalyan-sridevi-night.html]
[dpboss.boston/panel-chart-record/kalyan-sridevi-night.html]
[dpboss.boston/jodi-chart-record/central-mumbai.html]
[dpboss.boston/panel-chart-record/central-mumbai.html]
[dpboss.boston/jodi-chart-record/super-goa-day.html]
[dpboss.boston/panel-chart-record/super-goa-day.html]
[dpboss.boston/jodi-chart-record/meena-bazar-day.html]
[dpboss.boston/panel-chart-record/meena-bazar-day.html]
[dpboss.boston/jodi-chart-record/meena-bazar-night.html]
[dpboss.boston/panel-chart-record/meena-bazar-night.html]
[dpboss.boston/jodi-chart-record/star-tara-morning.html]
[dpboss.boston/panel-chart-record/star-tara-morning.html]
[dpboss.boston/jodi-chart-record/star-tara-day.html]
[dpboss.boston/panel-chart-record/star-tara-day.html]
[dpboss.boston/jodi-chart-record/star-tara-night.html]
[dpboss.boston/panel-chart-record/star-tara-night.html]
[dpboss.boston/jodi-chart-record/puna-night-main.html]
[dpboss.boston/panel-chart-record/puna-night-main.html]
[dpboss.boston/jodi-chart-record/supreme-day.html]
[dpboss.boston/panel-chart-record/supreme-day.html]
[dpboss.boston/jodi-chart-record/supreme-night.html]
[dpboss.boston/panel-chart-record/supreme-night.html]
[dpboss.boston/jodi-chart-record/sita-morning.html]
[dpboss.boston/panel-chart-record/sita-morning.html]
[dpboss.boston/jodi-chart-record/srilakshmi.html]
[dpboss.boston/panel-chart-record/srilakshmi.html]
[dpboss.boston/jodi-chart-record/worli-mumbai-day.html]
[dpboss.boston/panel-chart-record/worli-mumbai-day.html]
[dpboss.boston/jodi-chart-record/main-mumbai-rk.html]
[dpboss.boston/panel-chart-record/main-mumbai-rk.html]
[dpboss.boston/jodi-chart-record/worli-mumbai.html]
[dpboss.boston/panel-chart-record/worli-mumbai.html]
[dpboss.boston/jodi-chart-record/sita-day.html]
[dpboss.boston/panel-chart-record/sita-day.html]
[dpboss.boston/jodi-chart-record/country-bazar.html]
[dpboss.boston/panel-chart-record/country-bazar.html]
[dpboss.boston/jodi-chart-record/rose-bazar-day.html]
[dpboss.boston/panel-chart-record/rose-bazar-day.html]
[dpboss.boston/jodi-chart-record/rose-bazar-night.html]
[dpboss.boston/panel-chart-record/rose-bazar-night.html]
[dpboss.boston/jodi-chart-record/janta-morning.html]
[dpboss.boston/panel-chart-record/janta-morning.html]
[dpboss.boston/jodi-chart-record/central-bombay.html]
[dpboss.boston/panel-chart-record/central-bombay.html]
[dpboss.boston/jodi-chart-record/teen-patti.html]
[dpboss.boston/panel-chart-record/teen-patti.html]
[dpboss.boston/jodi-chart-record/durga-night.html]
[dpboss.boston/panel-chart-record/durga-night.html]
[dpboss.boston/jodi-chart-record/parvati.html]
[dpboss.boston/panel-chart-record/parvati.html]
[dpboss.boston/index.html]
[dpboss.boston/jodi-chart-record/kalyan-morning.html]
[dpboss.boston/panel-chart-record/kalyan-morning.html]
[dpboss.boston/jodi-chart-record/milan-morning.html]
[dpboss.boston/panel-chart-record/milan-morning.html]
[dpboss.boston/jodi-chart-record/sridevi.html]
[dpboss.boston/panel-chart-record/sridevi.html]
[dpboss.boston/jodi-chart-record/main-bazar-morning.html]
[dpboss.boston/panel-chart-record/main-bazar-morning.html]
[dpboss.boston/jodi-chart-record/madhuri.html]
[dpboss.boston/panel-chart-record/madhuri.html]
[dpboss.boston/jodi-chart-record/padmavathi.html]
[dpboss.boston/panel-chart-record/padmavathi.html]
[dpboss.boston/jodi-chart-record/rajdhani-morning-main.html]
[dpboss.boston/panel-chart-record/rajdhani-morning-main.html]
[dpboss.boston/jodi-chart-record/sridevi-morning.html]
[dpboss.boston/panel-chart-record/sridevi-morning.html]
[dpboss.boston/jodi-chart-record/maharani.html]
[dpboss.boston/panel-chart-record/maharani.html]
[dpboss.boston/jodi-chart-record/karnataka-day.html]
[dpboss.boston/panel-chart-record/karnataka-day.html]
[dpboss.boston/jodi-chart-record/time-bazar-morning.html]
[dpboss.boston/panel-chart-record/time-bazar-morning.html]
[dpboss.boston/jodi-chart-record/main-sridevi-day.html]
[dpboss.boston/panel-chart-record/main-sridevi-day.html]
[dpboss.boston/jodi-chart-record/time-bazar.html]
[dpboss.boston/panel-chart-record/time-bazar.html]
[dpboss.boston/jodi-chart-record/tara-mumbai-day.html]
[dpboss.boston/panel-chart-record/tara-mumbai-day.html]
[dpboss.boston/jodi-chart-record/prabhat.html]
[dpboss.boston/panel-chart-record/prabhat.html]
[dpboss.boston/jodi-chart-record/diamond.html]
[dpboss.boston/panel-chart-record/diamond.html]
[dpboss.boston/jodi-chart-record/time-bazar-day.html]
[dpboss.boston/panel-chart-record/time-bazar-day.html]
[dpboss.boston/jodi-chart-record/milan-day.html]
[dpboss.boston/panel-chart-record/milan-day.html]
[dpboss.boston/jodi-chart-record/main-bazar-day.html]
[dpboss.boston/panel-chart-record/main-bazar-day.html]
[dpboss.boston/jodi-chart-record/puna-bazar.html]
[dpboss.boston/panel-chart-record/puna-bazar.html]
[dpboss.boston/jodi-chart-record/new-time-bazar.html]
[dpboss.boston/panel-chart-record/new-time-bazar.html]
[dpboss.boston/jodi-chart-record/kalyan.html]
[dpboss.boston/panel-chart-record/kalyan.html]
[dpboss.boston/jodi-chart-record/sridevi-night.html]
[dpboss.boston/panel-chart-record/sridevi-night.html]
[dpboss.boston/jodi-chart-record/diamond-night.html]
[dpboss.boston/panel-chart-record/diamond-night.html]
[dpboss.boston/jodi-chart-record/madhuri-night.html]
[dpboss.boston/panel-chart-record/madhuri-night.html]
[dpboss.boston/jodi-chart-record/night-time-bazar.html]
[dpboss.boston/panel-chart-record/night-time-bazar.html]
[dpboss.boston/jodi-chart-record/tara-mumbai-night.html]
[dpboss.boston/panel-chart-record/tara-mumbai-night.html]
[dpboss.boston/jodi-chart-record/milan-night.html]
[dpboss.boston/panel-chart-record/milan-night.html]
[dpboss.boston/jodi-chart-record/rajdhani-night.html]
[dpboss.boston/panel-chart-record/rajdhani-night.html]
[dpboss.boston/jodi-chart-record/main-bazar.html]
[dpboss.boston/panel-chart-record/main-bazar.html]
[dpboss.boston/jodi-chart-record/sridevi-day.html]
[dpboss.boston/panel-chart-record/sridevi-day.html]
[dpboss.boston/jodi-chart-record/main-sridevi.html]
[dpboss.boston/panel-chart-record/main-sridevi.html]
[dpboss.boston/jodi-chart-record/maharani-day.html]
[dpboss.boston/panel-chart-record/maharani-day.html]
[dpboss.boston/jodi-chart-record/parel-day.html]
[dpboss.boston/panel-chart-record/parel-day.html]
[dpboss.boston/jodi-chart-record/bombay-day.html]
[dpboss.boston/panel-chart-record/bombay-day.html]
[dpboss.boston/jodi-chart-record/sahara.html]
[dpboss.boston/panel-chart-record/sahara.html]
[dpboss.boston/jodi-chart-record/mumbai-morning.html]
[dpboss.boston/panel-chart-record/mumbai-morning.html]
[dpboss.boston/jodi-chart-record/kalyan-night.html]
[dpboss.boston/panel-chart-record/kalyan-night.html]
[dpboss.boston/jodi-chart-record/prabhat-night.html]
[dpboss.boston/panel-chart-record/prabhat-night.html]
[dpboss.boston/jodi-chart-record/worli-morning.html]
[dpboss.boston/panel-chart-record/worli-morning.html]
[dpboss.boston/jodi-chart-record/worli-night.html]
[dpboss.boston/panel-chart-record/worli-night.html]
[dpboss.boston/jodi-chart-record/super-morning.html]
[dpboss.boston/panel-chart-record/super-morning.html]
[dpboss.boston/jodi-chart-record/old-main-mumbai.html]
[dpboss.boston/panel-chart-record/old-main-mumbai.html]
[dpboss.boston/jodi-chart-record/madhur-morning.html]
[dpboss.boston/panel-chart-record/madhur-morning.html]
[dpboss.boston/jodi-chart-record/madhur-day.html]
[dpboss.boston/panel-chart-record/madhur-day.html]
[dpboss.boston/jodi-chart-record/madhur-night.html]
[dpboss.boston/panel-chart-record/madhur-night.html]
[dpboss.boston/jodi-chart-record/shri-day.html]
[dpboss.boston/panel-chart-record/shri-day.html]
[dpboss.boston/jodi-chart-record/shri-night.html]
[dpboss.boston/panel-chart-record/shri-night.html]
[dpboss.boston/jodi-chart-record/ratan-khatri.html]
[dpboss.boston/panel-chart-record/ratan-khatri.html]
[dpboss.boston/jodi-chart-record/maharani-night.html]
[dpboss.boston/panel-chart-record/maharani-night.html]
[dpboss.boston/jodi-chart-record/padmavathi-night.html]
[dpboss.boston/panel-chart-record/padmavathi-night.html]
[dpboss.boston/jodi-chart-record/jay-shree-day.html]
[dpboss.boston/panel-chart-record/jay-shree-day.html]
[dpboss.boston/jodi-chart-record/sri-dhanalaxmi.html]
[dpboss.boston/panel-chart-record/sri-dhanalaxmi.html]
[dpboss.boston/jodi-chart-record/bombay-night.html]
[dpboss.boston/panel-chart-record/bombay-night.html]
[dpboss.boston/jodi-chart-record/sunday-bazar.html]
[dpboss.boston/panel-chart-record/sunday-bazar.html]
[dpboss.boston/jodi-chart-record/kalyan-day.html]
[dpboss.boston/panel-chart-record/kalyan-day.html]
[dpboss.boston/jodi-chart-record/mumbai-bazar.html]
[dpboss.boston/panel-chart-record/mumbai-bazar.html]
[dpboss.boston/jodi-chart-record/kalyan-sridevi.html]
[dpboss.boston/panel-chart-record/kalyan-sridevi.html]
[dpboss.boston/jodi-chart-record/kalyan-sridevi-night.html]
[dpboss.boston/panel-chart-record/kalyan-sridevi-night.html]
[dpboss.boston/jodi-chart-record/central-mumbai.html]
[dpboss.boston/panel-chart-record/central-mumbai.html]
[dpboss.boston/jodi-chart-record/super-goa-day.html]
[dpboss.boston/panel-chart-record/super-goa-day.html]
[dpboss.boston/jodi-chart-record/meena-bazar-day.html]
[dpboss.boston/panel-chart-record/meena-bazar-day.html]
[dpboss.boston/jodi-chart-record/meena-bazar-night.html]
[dpboss.boston/panel-chart-record/meena-bazar-night.html]
[dpboss.boston/jodi-chart-record/star-tara-morning.html]
[dpboss.boston/panel-chart-record/star-tara-morning.html]
[dpboss.boston/jodi-chart-record/star-tara-day.html]
[dpboss.boston/panel-chart-record/star-tara-day.html]
[dpboss.boston/jodi-chart-record/star-tara-night.html]
[dpboss.boston/panel-chart-record/star-tara-night.html]
[dpboss.boston/jodi-chart-record/puna-night-main.html]
[dpboss.boston/panel-chart-record/puna-night-main.html]
[dpboss.boston/jodi-chart-record/supreme-day.html]
[dpboss.boston/panel-chart-record/supreme-day.html]
[dpboss.boston/jodi-chart-record/supreme-night.html]
[dpboss.boston/panel-chart-record/supreme-night.html]
[dpboss.boston/jodi-chart-record/sita-morning.html]
[dpboss.boston/panel-chart-record/sita-morning.html]
[dpboss.boston/jodi-chart-record/srilakshmi.html]
[dpboss.boston/panel-chart-record/srilakshmi.html]
[dpboss.boston/jodi-chart-record/worli-mumbai-day.html]
[dpboss.boston/panel-chart-record/worli-mumbai-day.html]
[dpboss.boston/jodi-chart-record/main-mumbai-rk.html]
[dpboss.boston/panel-chart-record/main-mumbai-rk.html]
[dpboss.boston/jodi-chart-record/worli-mumbai.html]
[dpboss.boston/panel-chart-record/worli-mumbai.html]
[dpboss.boston/jodi-chart-record/sita-day.html]
[dpboss.boston/panel-chart-record/sita-day.html]
[dpboss.boston/jodi-chart-record/country-bazar.html]
[dpboss.boston/panel-chart-record/country-bazar.html]
[dpboss.boston/jodi-chart-record/rose-bazar-day.html]
[dpboss.boston/panel-chart-record/rose-bazar-day.html]
[dpboss.boston/jodi-chart-record/rose-bazar-night.html]
[dpboss.boston/panel-chart-record/rose-bazar-night.html]
[dpboss.boston/jodi-chart-record/janta-morning.html]
[dpboss.boston/panel-chart-record/janta-morning.html]
[dpboss.boston/jodi-chart-record/central-bombay.html]
[dpboss.boston/panel-chart-record/central-bombay.html]
[dpboss.boston/jodi-chart-record/teen-patti.html]
[dpboss.boston/panel-chart-record/teen-patti.html]
[dpboss.boston/jodi-chart-record/durga-night.html]
[dpboss.boston/panel-chart-record/durga-night.html]
[dpboss.boston/jodi-chart-record/parvati.html]
[dpboss.boston/panel-chart-record/parvati.html]
